Microsoft (R) Macro Assembler Version 6.11		    07/20/23 15:50:24
src\P00.asm						     Page 1 - 1


				;	Update all of this information to reflect your own details and the prac
				;	Author:     Dr J du Toit
				;	Template document
				.386
				.MODEL FLAT ; Flat memory model
				.STACK 4096 ; 4096 bytes

				; Exit function
				ExitProcess PROTO NEAR32 stdcall, dwExitCode:DWORD

				; The data section stores all global variables
 00000000			.DATA

 00000000 000000E0		R DWORD 224
 00000004 00000052		G DWORD 82
 00000008 00000006		B DWORD 6
 0000000C 00000000		Y DWORD ?
				; The code section may contain multiple tags such as _start, which is the entry
				; point of this assembly program
 00000000			.CODE
 00000000			_start:
 00000000  A1 00000000 R		MOV eax, R; eax = R
 00000005  6B C0 03			IMUL eax, 3; eax = R*3
 00000008  A3 0000000C R		MOV Y, eax; Y = R*3
					
 0000000D  A1 00000004 R		MOV eax, G; eax = G
 00000012  6B C0 06			IMUL eax, 6; eax = G*6
 00000015  01 05 0000000C R		ADD Y, eax; Y = R*3 + G*6

 0000001B  A1 00000008 R		MOV eax, B; eax = B*1
 00000020  01 05 0000000C R		ADD Y, eax; Y = R*3 + G*6 + B*1

 00000026  A1 0000000C R		MOV eax, Y; eax = Y

 0000002B  BB 0000000A			MOV ebx, 10; ebx = 10
 00000030  99				cdq
					
 00000031  F7 FB			idiv ebx

 00000033  A3 0000000C R		MOV Y, eax; move final answer to Y

					; We call the Operating System ExitProcess system call to close the process.
					INVOKE ExitProcess, 0
 0000003F			Public _start
				END
Microsoft (R) Macro Assembler Version 6.11		    07/20/23 15:50:24
src\P00.asm						     Symbols 2 - 1




Segments and Groups:

                N a m e                 Size     Length   Align   Combine Class

FLAT . . . . . . . . . . . . . .	GROUP
STACK  . . . . . . . . . . . . .	32 Bit	 00001000 DWord	  Stack	  'STACK'	 
_DATA  . . . . . . . . . . . . .	32 Bit	 00000010 DWord	  Public  'DATA'	
_TEXT  . . . . . . . . . . . . .	32 Bit	 0000003F DWord	  Public  'CODE'	


Procedures,  parameters and locals:

                N a m e                 Type     Value    Attr

$$$$$$00001  . . . . . . . . . .	P Near	 00000000 _TEXT	Length= 0000003F Private
ExitProcess  . . . . . . . . . .	P Near	 00000000 FLAT	Length= 00000000 External STDCALL


Symbols:

                N a m e                 Type     Value    Attr

@CodeSize  . . . . . . . . . . .	Number	 00000000h   
@DataSize  . . . . . . . . . . .	Number	 00000000h   
@Interface . . . . . . . . . . .	Number	 00000000h   
@Model . . . . . . . . . . . . .	Number	 00000007h   
@code  . . . . . . . . . . . . .	Text   	 _TEXT
@data  . . . . . . . . . . . . .	Text   	 FLAT
@fardata?  . . . . . . . . . . .	Text   	 FLAT
@fardata . . . . . . . . . . . .	Text   	 FLAT
@stack . . . . . . . . . . . . .	Text   	 FLAT
B  . . . . . . . . . . . . . . .	DWord	 00000008 _DATA	
G  . . . . . . . . . . . . . . .	DWord	 00000004 _DATA	
R  . . . . . . . . . . . . . . .	DWord	 00000000 _DATA	
Y  . . . . . . . . . . . . . . .	DWord	 0000000C _DATA	
_start . . . . . . . . . . . . .	L Near	 00000000 _TEXT	Public

	   0 Warnings
	   0 Errors
